// Jest Snapshot v1, https://goo.gl/fbAQLP

exports[`<Login /> renders the component 1`] = `
<div
  className="container"
>
  <div
    className="col-left"
  >
    <img
      alt="Sign up poster"
      src="https://iviidev.info/downloads/images/reading.jpg"
    />
  </div>
  <div
    className="col-right"
  >
    <form
      onSubmit={[MockFunction]}
    >
      <h3
        className="text-center"
      >
        Sign In
      </h3>
      <div
        className="form-group"
      >
        <input
          className="form-control"
          id="email"
          name="email"
          onChange={[MockFunction]}
          pattern="^[a-zA-Z0-9.!#$%&â€™*+/=?^_\`{|}~-]+@[a-zA-Z0-9-]+(?:.[a-zA-Z0-9-]+)*$"
          placeholder="Email"
          required={true}
          title="Please provide a valid email address"
          type="email"
        />
      </div>
      <div
        className="form-group"
      >
        <input
          className="form-control"
          id="password"
          name="password"
          onChange={[MockFunction]}
          placeholder="**********"
          required={true}
          type="password"
        />
      </div>
      <div
        className="signin-buttons"
      >
        <button
          className="btn btn-primary sign-in-bt"
          id="signInBt"
          name="signInBt"
          type="submit"
        >
          Sign In
        </button>
        <div
          className="social-login-icons"
        >
          <small
            className="text-muted p-1"
          >
            Or Sign In with Social Media:
             
          </small>
          <SocialMediaLinks />
        </div>
      </div>
      <LoginSignupRedirect
        link="signup"
        linkName="Sign Up"
        message="Not yet a member? "
      />
    </form>
  </div>
</div>
`;
