// Jest Snapshot v1, https://goo.gl/fbAQLP

exports[`Test  pagination Snap shot pagination Component 1`] = `
<div>
  <br />
  <ul
    className="pagination justify-content-center"
  >
    <li
      className="page-item disabled"
    >
      <a
        className="page-link"
        href="articles/page/0"
        tabIndex="-1"
      >
        Previous
      </a>
    </li>
    <li
      className="page-item active"
      key="1"
    >
       
      <a
        className="page-link"
        href="articles/page/1"
      >
        1
      </a>
    </li>
    <li
      className="page-item null"
      key="2"
    >
       
      <a
        className="page-link"
        href="articles/page/2"
      >
        2
      </a>
    </li>
    <li
      className="page-item null"
      key="3"
    >
       
      <a
        className="page-link"
        href="articles/page/3"
      >
        3
      </a>
    </li>
    <li
      className="page-item null"
    >
      <a
        className="page-link"
        href="articles/page/2"
      >
        Next
      </a>
    </li>
  </ul>
</div>
`;
