// Jest Snapshot v1, https://goo.gl/fbAQLP

exports[`<SignUpPage /> should render the component 1`] = `
<SignUpPage
  freshUser={
    Object {
      "email": "",
      "password": "",
      "username": "",
    }
  }
  getUserInputs={[Function]}
  signUpuser={[Function]}
  store={
    Object {
      "clearActions": [Function],
      "dispatch": [Function],
      "getActions": [Function],
      "getState": [Function],
      "replaceReducer": [Function],
      "subscribe": [Function],
    }
  }
  storeSubscription={
    Subscription {
      "listeners": Object {
        "clear": [Function],
        "get": [Function],
        "notify": [Function],
        "subscribe": [Function],
      },
      "onStateChange": [Function],
      "parentSub": undefined,
      "store": Object {
        "clearActions": [Function],
        "dispatch": [Function],
        "getActions": [Function],
        "getState": [Function],
        "replaceReducer": [Function],
        "subscribe": [Function],
      },
      "unsubscribe": [Function],
    }
  }
/>
`;
