// Jest Snapshot v1, https://goo.gl/fbAQLP

exports[`<RatingPage /> should render the component 1`] = `
<Connect(RatingPage)
  article={[MockFunction]}
  articleId={1}
  store={
    Object {
      "clearActions": [Function],
      "dispatch": [Function],
      "getActions": [Function],
      "getState": [Function],
      "replaceReducer": [Function],
      "subscribe": [Function],
    }
  }
>
  <RatingPage
    article={[MockFunction]}
    articleId={1}
    getRatingArticle={[Function]}
    ratingArticle={[Function]}
    ratingData={[Function]}
    ratingReducer={
      Object {
        "rating": 1,
      }
    }
    store={
      Object {
        "clearActions": [Function],
        "dispatch": [Function],
        "getActions": [Function],
        "getState": [Function],
        "replaceReducer": [Function],
        "subscribe": [Function],
      }
    }
    storeSubscription={
      Subscription {
        "listeners": Object {
          "clear": [Function],
          "get": [Function],
          "notify": [Function],
          "subscribe": [Function],
        },
        "onStateChange": [Function],
        "parentSub": undefined,
        "store": Object {
          "clearActions": [Function],
          "dispatch": [Function],
          "getActions": [Function],
          "getState": [Function],
          "replaceReducer": [Function],
          "subscribe": [Function],
        },
        "unsubscribe": [Function],
      }
    }
  >
    <div>
      <div
        className="rateArticle"
      >
        <div
          className="submitRate"
        >
          <Rating
            onChange={[Function]}
            onSubmit={[Function]}
          >
            <div>
              <div
                className="rateForm"
              >
                <form
                  className="form-horizontal"
                  onSubmit={[Function]}
                >
                  <div
                    className="ml-2 rateTitle"
                  >
                    <p>
                      Rate the article
                    </p>
                  </div>
                  <div
                    className="form-group"
                  >
                    <div
                      className="col-sm-10 ml-1 rateData"
                      id="rating-form"
                    >
                      <label
                        className="radio-inline mr-2"
                        htmlFor="rating1"
                        onChange={[Function]}
                      >
                        <input
                          className="rateClass"
                          id="rating1"
                          name="rating"
                          type="radio"
                          value="1"
                        />
                        <span
                          className="ml-2"
                        >
                          1
                        </span>
                      </label>
                      <label
                        className="radio-inline mr-2"
                        htmlFor="rating2"
                        onChange={[Function]}
                      >
                        <input
                          className="rateClass"
                          id="rating2"
                          name="rating"
                          type="radio"
                          value="2"
                        />
                        <span
                          className="ml-2"
                        >
                          2
                        </span>
                      </label>
                      <label
                        className="radio-inline mr-2"
                        htmlFor="rating3"
                        onChange={[Function]}
                      >
                        <input
                          className="rateClass"
                          id="rating3"
                          name="rating"
                          type="radio"
                          value="3"
                        />
                        <span
                          className="ml-2"
                        >
                          3
                        </span>
                      </label>
                      <label
                        className="radio-inline mr-2"
                        htmlFor="rating4"
                        onChange={[Function]}
                      >
                        <input
                          className="rateClass"
                          id="rating4"
                          name="rating"
                          type="radio"
                          value="4"
                        />
                        <span
                          className="ml-2"
                        >
                          4
                        </span>
                      </label>
                      <label
                        className="radio-inline mr-2"
                        htmlFor="rating5"
                        onChange={[Function]}
                      >
                        <input
                          className="rateClass"
                          id="rating5"
                          name="rating"
                          type="radio"
                          value="5"
                        />
                        <span
                          className="ml-2"
                        >
                          5
                        </span>
                      </label>
                    </div>
                  </div>
                  <button
                    className="rateBt"
                    type="submit"
                  >
                    Submit Rate
                  </button>
                </form>
              </div>
            </div>
          </Rating>
        </div>
        <div>
          <RatingDisplay
            article={
              Object {
                "rating": 1,
              }
            }
          >
            <div>
              <p
                className="rateDisplayTitle"
              >
                Aricle Rating
              </p>
              <_default
                key="0"
              >
                <svg
                  aria-hidden="true"
                  className="svg-inline--fa fa-star fa-w-18 ml-2"
                  data-icon="star"
                  data-prefix="far"
                  role="img"
                  viewBox="0 0 576 512"
                  xmlns="http://www.w3.org/2000/svg"
                >
                  <path
                    d="M528.1 171.5L382 150.2 316.7 17.8c-11.7-23.6-45.6-23.9-57.4 0L194 150.2 47.9 171.5c-26.2 3.8-36.7 36.1-17.7 54.6l105.7 103-25 145.5c-4.5 26.3 23.2 46 46.4 33.7L288 439.6l130.7 68.7c23.2 12.2 50.9-7.4 46.4-33.7l-25-145.5 105.7-103c19-18.5 8.5-50.8-17.7-54.6zM388.6 312.3l23.7 138.4L288 385.4l-124.3 65.3 23.7-138.4-100.6-98 139-20.2 62.2-126 62.2 126 139 20.2-100.6 98z"
                    fill="currentColor"
                  />
                </svg>
              </_default>
              <_default
                key="1"
              >
                <svg
                  aria-hidden="true"
                  className="svg-inline--fa fa-star fa-w-18 ml-2"
                  data-icon="star"
                  data-prefix="far"
                  role="img"
                  viewBox="0 0 576 512"
                  xmlns="http://www.w3.org/2000/svg"
                >
                  <path
                    d="M528.1 171.5L382 150.2 316.7 17.8c-11.7-23.6-45.6-23.9-57.4 0L194 150.2 47.9 171.5c-26.2 3.8-36.7 36.1-17.7 54.6l105.7 103-25 145.5c-4.5 26.3 23.2 46 46.4 33.7L288 439.6l130.7 68.7c23.2 12.2 50.9-7.4 46.4-33.7l-25-145.5 105.7-103c19-18.5 8.5-50.8-17.7-54.6zM388.6 312.3l23.7 138.4L288 385.4l-124.3 65.3 23.7-138.4-100.6-98 139-20.2 62.2-126 62.2 126 139 20.2-100.6 98z"
                    fill="currentColor"
                  />
                </svg>
              </_default>
              <_default
                key="2"
              >
                <svg
                  aria-hidden="true"
                  className="svg-inline--fa fa-star fa-w-18 ml-2"
                  data-icon="star"
                  data-prefix="far"
                  role="img"
                  viewBox="0 0 576 512"
                  xmlns="http://www.w3.org/2000/svg"
                >
                  <path
                    d="M528.1 171.5L382 150.2 316.7 17.8c-11.7-23.6-45.6-23.9-57.4 0L194 150.2 47.9 171.5c-26.2 3.8-36.7 36.1-17.7 54.6l105.7 103-25 145.5c-4.5 26.3 23.2 46 46.4 33.7L288 439.6l130.7 68.7c23.2 12.2 50.9-7.4 46.4-33.7l-25-145.5 105.7-103c19-18.5 8.5-50.8-17.7-54.6zM388.6 312.3l23.7 138.4L288 385.4l-124.3 65.3 23.7-138.4-100.6-98 139-20.2 62.2-126 62.2 126 139 20.2-100.6 98z"
                    fill="currentColor"
                  />
                </svg>
              </_default>
              <_default
                key="3"
              >
                <svg
                  aria-hidden="true"
                  className="svg-inline--fa fa-star fa-w-18 ml-2"
                  data-icon="star"
                  data-prefix="far"
                  role="img"
                  viewBox="0 0 576 512"
                  xmlns="http://www.w3.org/2000/svg"
                >
                  <path
                    d="M528.1 171.5L382 150.2 316.7 17.8c-11.7-23.6-45.6-23.9-57.4 0L194 150.2 47.9 171.5c-26.2 3.8-36.7 36.1-17.7 54.6l105.7 103-25 145.5c-4.5 26.3 23.2 46 46.4 33.7L288 439.6l130.7 68.7c23.2 12.2 50.9-7.4 46.4-33.7l-25-145.5 105.7-103c19-18.5 8.5-50.8-17.7-54.6zM388.6 312.3l23.7 138.4L288 385.4l-124.3 65.3 23.7-138.4-100.6-98 139-20.2 62.2-126 62.2 126 139 20.2-100.6 98z"
                    fill="currentColor"
                  />
                </svg>
              </_default>
              <_default
                key="4"
              >
                <svg
                  aria-hidden="true"
                  className="svg-inline--fa fa-star fa-w-18 ml-2"
                  data-icon="star"
                  data-prefix="far"
                  role="img"
                  viewBox="0 0 576 512"
                  xmlns="http://www.w3.org/2000/svg"
                >
                  <path
                    d="M528.1 171.5L382 150.2 316.7 17.8c-11.7-23.6-45.6-23.9-57.4 0L194 150.2 47.9 171.5c-26.2 3.8-36.7 36.1-17.7 54.6l105.7 103-25 145.5c-4.5 26.3 23.2 46 46.4 33.7L288 439.6l130.7 68.7c23.2 12.2 50.9-7.4 46.4-33.7l-25-145.5 105.7-103c19-18.5 8.5-50.8-17.7-54.6zM388.6 312.3l23.7 138.4L288 385.4l-124.3 65.3 23.7-138.4-100.6-98 139-20.2 62.2-126 62.2 126 139 20.2-100.6 98z"
                    fill="currentColor"
                  />
                </svg>
              </_default>
            </div>
          </RatingDisplay>
        </div>
      </div>
    </div>
  </RatingPage>
</Connect(RatingPage)>
`;
