// Jest Snapshot v1, https://goo.gl/fbAQLP

exports[`Test Profile actions LOGIN Action 1`] = `[Function]`;
