// Jest Snapshot v1, https://goo.gl/fbAQLP

exports[`Provider and App renders <Provider/> correctly 1`] = `<App />`;

exports[`Provider and App renders <Provider/> correctly 2`] = `
<Router
  history={
    Object {
      "action": "POP",
      "block": [Function],
      "createHref": [Function],
      "go": [Function],
      "goBack": [Function],
      "goForward": [Function],
      "length": 1,
      "listen": [Function],
      "location": Object {
        "hash": "",
        "pathname": "/",
        "search": "",
        "state": undefined,
      },
      "push": [Function],
      "replace": [Function],
    }
  }
>
  <Connect(Header)
    history={
      Object {
        "action": "POP",
        "block": [Function],
        "createHref": [Function],
        "go": [Function],
        "goBack": [Function],
        "goForward": [Function],
        "length": 1,
        "listen": [Function],
        "location": Object {
          "hash": "",
          "pathname": "/",
          "search": "",
          "state": undefined,
        },
        "push": [Function],
        "replace": [Function],
      }
    }
  />
  <Switch>
    <Route
      component={[Function]}
      exact={true}
      path="/"
    />
    <Route
      component={[Function]}
      path="/login"
    />
    <Route
      component={[Function]}
      path="/signup"
    />
    <Route
      component={[Function]}
      path="/articles/page/:pageNumber"
    />
    <Route
      component={[Function]}
      path="/article/:articleId"
    />
    <Route
      component={[Function]}
      path="/profile"
    />
    <Route
      component={[Function]}
      path="/profiles/edit"
    />
    <Route
      component={[Function]}
      path="/passwordreset"
    />
    <Route
      component={[Function]}
      exact={true}
      path="/newpassword"
    />
    <Route
      component={[Function]}
      path="/createArticle"
    />
    <Route
      component={[Function]}
      path="/tags"
    />
    <Route
      component={[Function]}
      exact={true}
      path="/profiles/:username"
    />
    <Route
      component={[Function]}
      path="/search"
    />
    <Route
      component={[Function]}
      path="/editarticle/:articleId"
    />
  </Switch>
  <_class
    options={Object {}}
  />
  <Connect(Footer) />
</Router>
`;
