// Jest Snapshot v1, https://goo.gl/fbAQLP

exports[`<ArticlePage /> renders the container 1`] = `
<Provider
  store={
    Object {
      "clearActions": [Function],
      "dispatch": [Function],
      "getActions": [Function],
      "getState": [Function],
      "replaceReducer": [Function],
      "subscribe": [Function],
    }
  }
>
  <Connect(ArticlePage)
    match={
      Object {
        "params": Object {
          "articleId": 1,
        },
      }
    }
    store={
      Object {
        "clearActions": [Function],
        "dispatch": [Function],
        "getActions": [Function],
        "getState": [Function],
        "replaceReducer": [Function],
        "subscribe": [Function],
      }
    }
  >
    <ArticlePage
      article={Object {}}
      getArticleDispatch={[Function]}
      getLikeDislikeStatusDispatch={[Function]}
      likeDislikeArticleDispatch={[Function]}
      match={
        Object {
          "params": Object {
            "articleId": 1,
          },
        }
      }
      store={
        Object {
          "clearActions": [Function],
          "dispatch": [Function],
          "getActions": [Function],
          "getState": [Function],
          "replaceReducer": [Function],
          "subscribe": [Function],
        }
      }
      storeSubscription={
        Subscription {
          "listeners": Object {
            "clear": [Function],
            "get": [Function],
            "notify": [Function],
            "subscribe": [Function],
          },
          "onStateChange": [Function],
          "parentSub": undefined,
          "store": Object {
            "clearActions": [Function],
            "dispatch": [Function],
            "getActions": [Function],
            "getState": [Function],
            "replaceReducer": [Function],
            "subscribe": [Function],
          },
          "unsubscribe": [Function],
        }
      }
    >
      <div>
        <Article
          article={Object {}}
          onClick={[Function]}
          onLikeDislike={[Function]}
        />
        <hr />
        <br />
        <div />
      </div>
    </ArticlePage>
  </Connect(ArticlePage)>
</Provider>
`;
